2026-04-03T15:56:26.671+02:00  INFO 11080 --- [restartedMain] souk.demo.DemoApplication                : Starting DemoApplication using Java 21.0.10 with PID 11080 (C:\Users\user\Desktop\souk\souk\target\classes started by user in C:\Users\user\Desktop\souk\souk)
2026-04-03T15:56:26.681+02:00 DEBUG 11080 --- [restartedMain] souk.demo.DemoApplication                : Running with Spring Boot v4.0.3, Spring v7.0.5
2026-04-03T15:56:26.682+02:00  INFO 11080 --- [restartedMain] souk.demo.DemoApplication                : No active profile set, falling back to 1 default profile: "default"
2026-04-03T15:56:26.767+02:00  INFO 11080 --- [restartedMain] .e.DevToolsPropertyDefaultsPostProcessor : Devtools property defaults active! Set 'spring.devtools.add-properties' to 'false' to disable
2026-04-03T15:56:26.768+02:00  INFO 11080 --- [restartedMain] .e.DevToolsPropertyDefaultsPostProcessor : For additional web related logging consider setting the 'logging.level.web' property to 'DEBUG'
2026-04-03T15:56:28.045+02:00  INFO 11080 --- [restartedMain] .s.d.r.c.RepositoryConfigurationDelegate : Bootstrapping Spring Data JPA repositories in DEFAULT mode.
2026-04-03T15:56:28.130+02:00  INFO 11080 --- [restartedMain] .s.d.r.c.RepositoryConfigurationDelegate : Finished Spring Data repository scanning in 72 ms. Found 3 JPA repository interfaces.
2026-04-03T15:56:29.336+02:00  INFO 11080 --- [restartedMain] o.s.boot.tomcat.TomcatWebServer          : Tomcat initialized with port 8080 (http)
2026-04-03T15:56:29.374+02:00  INFO 11080 --- [restartedMain] o.apache.catalina.core.StandardService   : Starting service [Tomcat]
2026-04-03T15:56:29.375+02:00  INFO 11080 --- [restartedMain] o.apache.catalina.core.StandardEngine    : Starting Servlet engine: [Apache Tomcat/11.0.18]
2026-04-03T15:56:29.475+02:00  INFO 11080 --- [restartedMain] b.w.c.s.WebApplicationContextInitializer : Root WebApplicationContext: initialization completed in 2706 ms
2026-04-03T15:56:29.808+02:00  INFO 11080 --- [restartedMain] org.hibernate.orm.jpa                    : HHH008540: Processing PersistenceUnitInfo [name: default]
2026-04-03T15:56:29.945+02:00  INFO 11080 --- [restartedMain] org.hibernate.orm.core                   : HHH000001: Hibernate ORM core version 7.2.4.Final
2026-04-03T15:56:30.739+02:00  INFO 11080 --- [restartedMain] o.s.o.j.p.SpringPersistenceUnitInfo      : No LoadTimeWeaver setup: ignoring JPA class transformer
2026-04-03T15:56:30.815+02:00  INFO 11080 --- [restartedMain] com.zaxxer.hikari.HikariDataSource       : HikariPool-1 - Starting...
2026-04-03T15:56:31.188+02:00  INFO 11080 --- [restartedMain] com.zaxxer.hikari.pool.HikariPool        : HikariPool-1 - Added connection org.postgresql.jdbc.PgConnection@6a0e7528
2026-04-03T15:56:31.195+02:00  INFO 11080 --- [restartedMain] com.zaxxer.hikari.HikariDataSource       : HikariPool-1 - Start completed.
2026-04-03T15:56:31.299+02:00  WARN 11080 --- [restartedMain] org.hibernate.orm.deprecation            : HHH90000025: PostgreSQLDialect does not need to be specified explicitly using 'hibernate.dialect' (remove the property setting and it will be selected by default)
2026-04-03T15:56:31.351+02:00  INFO 11080 --- [restartedMain] org.hibernate.orm.connections.pooling    : HHH10001005: Database info:
	Database JDBC URL [jdbc:postgresql://localhost:5432/soukDB]
	Database driver: PostgreSQL JDBC Driver
	Database dialect: PostgreSQLDialect
	Database version: 17.3
	Default catalog/schema: soukDB/public
	Autocommit mode: undefined/unknown
	Isolation level: READ_COMMITTED [default READ_COMMITTED]
	JDBC fetch size: none
	Pool: DataSourceConnectionProvider
	Minimum pool size: undefined/unknown
	Maximum pool size: undefined/unknown
2026-04-03T15:56:32.754+02:00  INFO 11080 --- [restartedMain] org.hibernate.orm.core                   : HHH000489: No JTA platform available (set 'hibernate.transaction.jta.platform' to enable JTA platform integration)
2026-04-03T15:56:32.965+02:00  INFO 11080 --- [restartedMain] j.LocalContainerEntityManagerFactoryBean : Initialized JPA EntityManagerFactory for persistence unit 'default'
2026-04-03T15:56:33.093+02:00  INFO 11080 --- [restartedMain] o.s.d.j.r.query.QueryEnhancerFactories   : Hibernate is in classpath; If applicable, HQL parser will be used.
2026-04-03T15:56:33.427+02:00 DEBUG 11080 --- [restartedMain] souk.demo.security.JwtFilter             : Filter 'jwtFilter' configured for use
2026-04-03T15:56:33.650+02:00  WARN 11080 --- [restartedMain] JpaBaseConfiguration$JpaWebConfiguration : spring.jpa.open-in-view is enabled by default. Therefore, database queries may be performed during view rendering. Explicitly configure spring.jpa.open-in-view to disable this warning
2026-04-03T15:56:34.170+02:00  INFO 11080 --- [restartedMain] o.s.v.b.OptionalValidatorFactoryBean     : Failed to set up a Bean Validation provider: jakarta.validation.NoProviderFoundException: Unable to create a Configuration, because no Jakarta Bean Validation provider could be found. Add a provider like Hibernate Validator (RI) to your classpath.
2026-04-03T15:56:34.679+02:00  INFO 11080 --- [restartedMain] o.s.boot.tomcat.TomcatWebServer          : Tomcat started on port 8080 (http) with context path '/'
2026-04-03T15:56:34.691+02:00  INFO 11080 --- [restartedMain] souk.demo.DemoApplication                : Started DemoApplication in 8.678 seconds (process running for 9.83)
2026-04-03T16:01:17.526+02:00  INFO 11080 --- [http-nio-8080-exec-1] o.a.c.c.C.[Tomcat].[localhost].[/]       : Initializing Spring DispatcherServlet 'dispatcherServlet'
2026-04-03T16:01:17.532+02:00  INFO 11080 --- [http-nio-8080-exec-1] o.s.web.servlet.DispatcherServlet        : Initializing Servlet 'dispatcherServlet'
2026-04-03T16:01:17.554+02:00  INFO 11080 --- [http-nio-8080-exec-1] o.s.web.servlet.DispatcherServlet        : Completed initialization in 19 ms
2026-04-03T18:26:16.588+02:00  INFO 28612 --- [restartedMain] souk.demo.DemoApplication                : Starting DemoApplication using Java 21.0.10 with PID 28612 (C:\Users\user\Desktop\souk\souk\target\classes started by user in C:\Users\user\Desktop\souk\souk)
2026-04-03T18:26:16.594+02:00 DEBUG 28612 --- [restartedMain] souk.demo.DemoApplication                : Running with Spring Boot v4.0.3, Spring v7.0.5
2026-04-03T18:26:16.595+02:00  INFO 28612 --- [restartedMain] souk.demo.DemoApplication                : No active profile set, falling back to 1 default profile: "default"
2026-04-03T18:26:16.699+02:00  INFO 28612 --- [restartedMain] .e.DevToolsPropertyDefaultsPostProcessor : Devtools property defaults active! Set 'spring.devtools.add-properties' to 'false' to disable
2026-04-03T18:26:16.699+02:00  INFO 28612 --- [restartedMain] .e.DevToolsPropertyDefaultsPostProcessor : For additional web related logging consider setting the 'logging.level.web' property to 'DEBUG'
2026-04-03T18:26:17.941+02:00  INFO 28612 --- [restartedMain] .s.d.r.c.RepositoryConfigurationDelegate : Bootstrapping Spring Data JPA repositories in DEFAULT mode.
2026-04-03T18:26:18.029+02:00  INFO 28612 --- [restartedMain] .s.d.r.c.RepositoryConfigurationDelegate : Finished Spring Data repository scanning in 71 ms. Found 3 JPA repository interfaces.
2026-04-03T18:26:18.999+02:00  INFO 28612 --- [restartedMain] o.s.boot.tomcat.TomcatWebServer          : Tomcat initialized with port 8080 (http)
2026-04-03T18:26:19.030+02:00  INFO 28612 --- [restartedMain] o.apache.catalina.core.StandardService   : Starting service [Tomcat]
2026-04-03T18:26:19.031+02:00  INFO 28612 --- [restartedMain] o.apache.catalina.core.StandardEngine    : Starting Servlet engine: [Apache Tomcat/11.0.18]
2026-04-03T18:26:19.122+02:00  INFO 28612 --- [restartedMain] b.w.c.s.WebApplicationContextInitializer : Root WebApplicationContext: initialization completed in 2422 ms
2026-04-03T18:26:19.478+02:00  INFO 28612 --- [restartedMain] org.hibernate.orm.jpa                    : HHH008540: Processing PersistenceUnitInfo [name: default]
2026-04-03T18:26:19.616+02:00  INFO 28612 --- [restartedMain] org.hibernate.orm.core                   : HHH000001: Hibernate ORM core version 7.2.4.Final
2026-04-03T18:26:20.432+02:00  INFO 28612 --- [restartedMain] o.s.o.j.p.SpringPersistenceUnitInfo      : No LoadTimeWeaver setup: ignoring JPA class transformer
2026-04-03T18:26:20.508+02:00  INFO 28612 --- [restartedMain] com.zaxxer.hikari.HikariDataSource       : HikariPool-1 - Starting...
2026-04-03T18:26:20.843+02:00  INFO 28612 --- [restartedMain] com.zaxxer.hikari.pool.HikariPool        : HikariPool-1 - Added connection org.postgresql.jdbc.PgConnection@3ac41ac2
2026-04-03T18:26:20.846+02:00  INFO 28612 --- [restartedMain] com.zaxxer.hikari.HikariDataSource       : HikariPool-1 - Start completed.
2026-04-03T18:26:20.909+02:00  WARN 28612 --- [restartedMain] org.hibernate.orm.deprecation            : HHH90000025: PostgreSQLDialect does not need to be specified explicitly using 'hibernate.dialect' (remove the property setting and it will be selected by default)
2026-04-03T18:26:20.956+02:00  INFO 28612 --- [restartedMain] org.hibernate.orm.connections.pooling    : HHH10001005: Database info:
	Database JDBC URL [jdbc:postgresql://localhost:5432/soukDB]
	Database driver: PostgreSQL JDBC Driver
	Database dialect: PostgreSQLDialect
	Database version: 17.3
	Default catalog/schema: soukDB/public
	Autocommit mode: undefined/unknown
	Isolation level: READ_COMMITTED [default READ_COMMITTED]
	JDBC fetch size: none
	Pool: DataSourceConnectionProvider
	Minimum pool size: undefined/unknown
	Maximum pool size: undefined/unknown
2026-04-03T18:26:22.671+02:00  INFO 28612 --- [restartedMain] org.hibernate.orm.core                   : HHH000489: No JTA platform available (set 'hibernate.transaction.jta.platform' to enable JTA platform integration)
2026-04-03T18:26:22.819+02:00  INFO 28612 --- [restartedMain] j.LocalContainerEntityManagerFactoryBean : Initialized JPA EntityManagerFactory for persistence unit 'default'
2026-04-03T18:26:22.936+02:00  INFO 28612 --- [restartedMain] o.s.d.j.r.query.QueryEnhancerFactories   : Hibernate is in classpath; If applicable, HQL parser will be used.
2026-04-03T18:26:23.352+02:00 DEBUG 28612 --- [restartedMain] souk.demo.security.JwtFilter             : Filter 'jwtFilter' configured for use
2026-04-03T18:26:23.627+02:00  WARN 28612 --- [restartedMain] JpaBaseConfiguration$JpaWebConfiguration : spring.jpa.open-in-view is enabled by default. Therefore, database queries may be performed during view rendering. Explicitly configure spring.jpa.open-in-view to disable this warning
2026-04-03T18:26:24.139+02:00  INFO 28612 --- [restartedMain] o.s.v.b.OptionalValidatorFactoryBean     : Failed to set up a Bean Validation provider: jakarta.validation.NoProviderFoundException: Unable to create a Configuration, because no Jakarta Bean Validation provider could be found. Add a provider like Hibernate Validator (RI) to your classpath.
2026-04-03T18:26:24.645+02:00  WARN 28612 --- [restartedMain] ConfigServletWebServerApplicationContext : Exception encountered during context initialization - cancelling refresh attempt: org.springframework.context.ApplicationContextException: Failed to start bean 'webServerStartStop'
2026-04-03T18:26:24.649+02:00  INFO 28612 --- [restartedMain] j.LocalContainerEntityManagerFactoryBean : Closing JPA EntityManagerFactory for persistence unit 'default'
2026-04-03T18:26:24.655+02:00  INFO 28612 --- [restartedMain] com.zaxxer.hikari.HikariDataSource       : HikariPool-1 - Shutdown initiated...
2026-04-03T18:26:24.663+02:00  INFO 28612 --- [restartedMain] com.zaxxer.hikari.HikariDataSource       : HikariPool-1 - Shutdown completed.
2026-04-03T18:26:24.694+02:00  INFO 28612 --- [restartedMain] .s.b.a.l.ConditionEvaluationReportLogger : 

Error starting ApplicationContext. To display the condition evaluation report re-run your application with 'debug' enabled.
2026-04-03T18:26:24.737+02:00 ERROR 28612 --- [restartedMain] o.s.b.d.LoggingFailureAnalysisReporter   : 

***************************
APPLICATION FAILED TO START
***************************

Description:

Web server failed to start. Port 8080 was already in use.

Action:

Identify and stop the process that's listening on port 8080 or configure this application to listen on another port.

2026-04-03T18:31:50.625+02:00  INFO 25676 --- [restartedMain] souk.demo.DemoApplication                : Starting DemoApplication using Java 21.0.10 with PID 25676 (C:\Users\user\Desktop\souk\souk\target\classes started by user in C:\Users\user\Desktop\souk\souk)
2026-04-03T18:31:50.633+02:00 DEBUG 25676 --- [restartedMain] souk.demo.DemoApplication                : Running with Spring Boot v4.0.3, Spring v7.0.5
2026-04-03T18:31:50.635+02:00  INFO 25676 --- [restartedMain] souk.demo.DemoApplication                : No active profile set, falling back to 1 default profile: "default"
2026-04-03T18:31:50.740+02:00  INFO 25676 --- [restartedMain] .e.DevToolsPropertyDefaultsPostProcessor : Devtools property defaults active! Set 'spring.devtools.add-properties' to 'false' to disable
2026-04-03T18:31:50.741+02:00  INFO 25676 --- [restartedMain] .e.DevToolsPropertyDefaultsPostProcessor : For additional web related logging consider setting the 'logging.level.web' property to 'DEBUG'
2026-04-03T18:31:51.969+02:00  INFO 25676 --- [restartedMain] .s.d.r.c.RepositoryConfigurationDelegate : Bootstrapping Spring Data JPA repositories in DEFAULT mode.
2026-04-03T18:31:52.057+02:00  INFO 25676 --- [restartedMain] .s.d.r.c.RepositoryConfigurationDelegate : Finished Spring Data repository scanning in 74 ms. Found 3 JPA repository interfaces.
2026-04-03T18:31:53.132+02:00  INFO 25676 --- [restartedMain] o.s.boot.tomcat.TomcatWebServer          : Tomcat initialized with port 8080 (http)
2026-04-03T18:31:53.167+02:00  INFO 25676 --- [restartedMain] o.apache.catalina.core.StandardService   : Starting service [Tomcat]
2026-04-03T18:31:53.168+02:00  INFO 25676 --- [restartedMain] o.apache.catalina.core.StandardEngine    : Starting Servlet engine: [Apache Tomcat/11.0.18]
2026-04-03T18:31:53.275+02:00  INFO 25676 --- [restartedMain] b.w.c.s.WebApplicationContextInitializer : Root WebApplicationContext: initialization completed in 2532 ms
2026-04-03T18:31:53.584+02:00  INFO 25676 --- [restartedMain] org.hibernate.orm.jpa                    : HHH008540: Processing PersistenceUnitInfo [name: default]
2026-04-03T18:31:53.709+02:00  INFO 25676 --- [restartedMain] org.hibernate.orm.core                   : HHH000001: Hibernate ORM core version 7.2.4.Final
2026-04-03T18:31:54.488+02:00  INFO 25676 --- [restartedMain] o.s.o.j.p.SpringPersistenceUnitInfo      : No LoadTimeWeaver setup: ignoring JPA class transformer
2026-04-03T18:31:54.588+02:00  INFO 25676 --- [restartedMain] com.zaxxer.hikari.HikariDataSource       : HikariPool-1 - Starting...
2026-04-03T18:31:54.823+02:00  INFO 25676 --- [restartedMain] com.zaxxer.hikari.pool.HikariPool        : HikariPool-1 - Added connection org.postgresql.jdbc.PgConnection@700ded3f
2026-04-03T18:31:54.826+02:00  INFO 25676 --- [restartedMain] com.zaxxer.hikari.HikariDataSource       : HikariPool-1 - Start completed.
2026-04-03T18:31:54.859+02:00  WARN 25676 --- [restartedMain] org.hibernate.orm.deprecation            : HHH90000025: PostgreSQLDialect does not need to be specified explicitly using 'hibernate.dialect' (remove the property setting and it will be selected by default)
2026-04-03T18:31:54.889+02:00  INFO 25676 --- [restartedMain] org.hibernate.orm.connections.pooling    : HHH10001005: Database info:
	Database JDBC URL [jdbc:postgresql://localhost:5432/soukDB]
	Database driver: PostgreSQL JDBC Driver
	Database dialect: PostgreSQLDialect
	Database version: 17.3
	Default catalog/schema: soukDB/public
	Autocommit mode: undefined/unknown
	Isolation level: READ_COMMITTED [default READ_COMMITTED]
	JDBC fetch size: none
	Pool: DataSourceConnectionProvider
	Minimum pool size: undefined/unknown
	Maximum pool size: undefined/unknown
2026-04-03T18:31:56.243+02:00  INFO 25676 --- [restartedMain] org.hibernate.orm.core                   : HHH000489: No JTA platform available (set 'hibernate.transaction.jta.platform' to enable JTA platform integration)
2026-04-03T18:31:56.357+02:00  INFO 25676 --- [restartedMain] j.LocalContainerEntityManagerFactoryBean : Initialized JPA EntityManagerFactory for persistence unit 'default'
2026-04-03T18:31:56.502+02:00  INFO 25676 --- [restartedMain] o.s.d.j.r.query.QueryEnhancerFactories   : Hibernate is in classpath; If applicable, HQL parser will be used.
2026-04-03T18:31:56.838+02:00 DEBUG 25676 --- [restartedMain] souk.demo.security.JwtFilter             : Filter 'jwtFilter' configured for use
2026-04-03T18:31:57.065+02:00  WARN 25676 --- [restartedMain] JpaBaseConfiguration$JpaWebConfiguration : spring.jpa.open-in-view is enabled by default. Therefore, database queries may be performed during view rendering. Explicitly configure spring.jpa.open-in-view to disable this warning
2026-04-03T18:31:57.480+02:00  INFO 25676 --- [restartedMain] o.s.v.b.OptionalValidatorFactoryBean     : Failed to set up a Bean Validation provider: jakarta.validation.NoProviderFoundException: Unable to create a Configuration, because no Jakarta Bean Validation provider could be found. Add a provider like Hibernate Validator (RI) to your classpath.
2026-04-03T18:31:57.976+02:00  WARN 25676 --- [restartedMain] ConfigServletWebServerApplicationContext : Exception encountered during context initialization - cancelling refresh attempt: org.springframework.context.ApplicationContextException: Failed to start bean 'webServerStartStop'
2026-04-03T18:31:57.981+02:00  INFO 25676 --- [restartedMain] j.LocalContainerEntityManagerFactoryBean : Closing JPA EntityManagerFactory for persistence unit 'default'
2026-04-03T18:31:57.988+02:00  INFO 25676 --- [restartedMain] com.zaxxer.hikari.HikariDataSource       : HikariPool-1 - Shutdown initiated...
2026-04-03T18:31:57.996+02:00  INFO 25676 --- [restartedMain] com.zaxxer.hikari.HikariDataSource       : HikariPool-1 - Shutdown completed.
2026-04-03T18:31:58.025+02:00  INFO 25676 --- [restartedMain] .s.b.a.l.ConditionEvaluationReportLogger : 

Error starting ApplicationContext. To display the condition evaluation report re-run your application with 'debug' enabled.
2026-04-03T18:31:58.066+02:00 ERROR 25676 --- [restartedMain] o.s.b.d.LoggingFailureAnalysisReporter   : 

***************************
APPLICATION FAILED TO START
***************************

Description:

Web server failed to start. Port 8080 was already in use.

Action:

Identify and stop the process that's listening on port 8080 or configure this application to listen on another port.

2026-04-03T18:53:29.274+02:00  INFO 25560 --- [restartedMain] souk.demo.DemoApplication                : Starting DemoApplication using Java 21.0.10 with PID 25560 (C:\Users\user\Desktop\souk\souk\target\classes started by user in C:\Users\user\Desktop\souk\souk)
2026-04-03T18:53:29.281+02:00 DEBUG 25560 --- [restartedMain] souk.demo.DemoApplication                : Running with Spring Boot v4.0.3, Spring v7.0.5
2026-04-03T18:53:29.283+02:00  INFO 25560 --- [restartedMain] souk.demo.DemoApplication                : No active profile set, falling back to 1 default profile: "default"
2026-04-03T18:53:29.393+02:00  INFO 25560 --- [restartedMain] .e.DevToolsPropertyDefaultsPostProcessor : Devtools property defaults active! Set 'spring.devtools.add-properties' to 'false' to disable
2026-04-03T18:53:29.393+02:00  INFO 25560 --- [restartedMain] .e.DevToolsPropertyDefaultsPostProcessor : For additional web related logging consider setting the 'logging.level.web' property to 'DEBUG'
2026-04-03T18:53:30.791+02:00  INFO 25560 --- [restartedMain] .s.d.r.c.RepositoryConfigurationDelegate : Bootstrapping Spring Data JPA repositories in DEFAULT mode.
2026-04-03T18:53:30.878+02:00  INFO 25560 --- [restartedMain] .s.d.r.c.RepositoryConfigurationDelegate : Finished Spring Data repository scanning in 75 ms. Found 3 JPA repository interfaces.
2026-04-03T18:53:32.358+02:00  INFO 25560 --- [restartedMain] o.s.boot.tomcat.TomcatWebServer          : Tomcat initialized with port 8081 (http)
2026-04-03T18:53:32.394+02:00  INFO 25560 --- [restartedMain] o.apache.catalina.core.StandardService   : Starting service [Tomcat]
2026-04-03T18:53:32.396+02:00  INFO 25560 --- [restartedMain] o.apache.catalina.core.StandardEngine    : Starting Servlet engine: [Apache Tomcat/11.0.18]
2026-04-03T18:53:32.539+02:00  INFO 25560 --- [restartedMain] b.w.c.s.WebApplicationContextInitializer : Root WebApplicationContext: initialization completed in 3145 ms
2026-04-03T18:53:33.064+02:00  INFO 25560 --- [restartedMain] org.hibernate.orm.jpa                    : HHH008540: Processing PersistenceUnitInfo [name: default]
2026-04-03T18:53:33.270+02:00  INFO 25560 --- [restartedMain] org.hibernate.orm.core                   : HHH000001: Hibernate ORM core version 7.2.4.Final
2026-04-03T18:53:34.413+02:00  INFO 25560 --- [restartedMain] o.s.o.j.p.SpringPersistenceUnitInfo      : No LoadTimeWeaver setup: ignoring JPA class transformer
2026-04-03T18:53:34.502+02:00  INFO 25560 --- [restartedMain] com.zaxxer.hikari.HikariDataSource       : HikariPool-1 - Starting...
2026-04-03T18:53:34.814+02:00  INFO 25560 --- [restartedMain] com.zaxxer.hikari.pool.HikariPool        : HikariPool-1 - Added connection org.postgresql.jdbc.PgConnection@1bd506d
2026-04-03T18:53:34.818+02:00  INFO 25560 --- [restartedMain] com.zaxxer.hikari.HikariDataSource       : HikariPool-1 - Start completed.
2026-04-03T18:53:34.884+02:00  WARN 25560 --- [restartedMain] org.hibernate.orm.deprecation            : HHH90000025: PostgreSQLDialect does not need to be specified explicitly using 'hibernate.dialect' (remove the property setting and it will be selected by default)
2026-04-03T18:53:34.947+02:00  INFO 25560 --- [restartedMain] org.hibernate.orm.connections.pooling    : HHH10001005: Database info:
	Database JDBC URL [jdbc:postgresql://localhost:5432/soukDB]
	Database driver: PostgreSQL JDBC Driver
	Database dialect: PostgreSQLDialect
	Database version: 17.3
	Default catalog/schema: soukDB/public
	Autocommit mode: undefined/unknown
	Isolation level: READ_COMMITTED [default READ_COMMITTED]
	JDBC fetch size: none
	Pool: DataSourceConnectionProvider
	Minimum pool size: undefined/unknown
	Maximum pool size: undefined/unknown
2026-04-03T18:53:36.815+02:00  INFO 25560 --- [restartedMain] org.hibernate.orm.core                   : HHH000489: No JTA platform available (set 'hibernate.transaction.jta.platform' to enable JTA platform integration)
2026-04-03T18:53:37.196+02:00  INFO 25560 --- [restartedMain] j.LocalContainerEntityManagerFactoryBean : Initialized JPA EntityManagerFactory for persistence unit 'default'
2026-04-03T18:53:37.349+02:00  INFO 25560 --- [restartedMain] o.s.d.j.r.query.QueryEnhancerFactories   : Hibernate is in classpath; If applicable, HQL parser will be used.
2026-04-03T18:53:37.721+02:00 DEBUG 25560 --- [restartedMain] souk.demo.security.JwtFilter             : Filter 'jwtFilter' configured for use
2026-04-03T18:53:37.981+02:00  WARN 25560 --- [restartedMain] JpaBaseConfiguration$JpaWebConfiguration : spring.jpa.open-in-view is enabled by default. Therefore, database queries may be performed during view rendering. Explicitly configure spring.jpa.open-in-view to disable this warning
2026-04-03T18:53:38.503+02:00  INFO 25560 --- [restartedMain] o.s.v.b.OptionalValidatorFactoryBean     : Failed to set up a Bean Validation provider: jakarta.validation.NoProviderFoundException: Unable to create a Configuration, because no Jakarta Bean Validation provider could be found. Add a provider like Hibernate Validator (RI) to your classpath.
2026-04-03T18:53:39.018+02:00  WARN 25560 --- [restartedMain] ConfigServletWebServerApplicationContext : Exception encountered during context initialization - cancelling refresh attempt: org.springframework.context.ApplicationContextException: Failed to start bean 'webServerStartStop'
2026-04-03T18:53:39.022+02:00  INFO 25560 --- [restartedMain] j.LocalContainerEntityManagerFactoryBean : Closing JPA EntityManagerFactory for persistence unit 'default'
2026-04-03T18:53:39.030+02:00  INFO 25560 --- [restartedMain] com.zaxxer.hikari.HikariDataSource       : HikariPool-1 - Shutdown initiated...
2026-04-03T18:53:39.037+02:00  INFO 25560 --- [restartedMain] com.zaxxer.hikari.HikariDataSource       : HikariPool-1 - Shutdown completed.
2026-04-03T18:53:39.072+02:00  INFO 25560 --- [restartedMain] .s.b.a.l.ConditionEvaluationReportLogger : 

Error starting ApplicationContext. To display the condition evaluation report re-run your application with 'debug' enabled.
2026-04-03T18:53:39.118+02:00 ERROR 25560 --- [restartedMain] o.s.b.d.LoggingFailureAnalysisReporter   : 

***************************
APPLICATION FAILED TO START
***************************

Description:

Web server failed to start. Port 8081 was already in use.

Action:

Identify and stop the process that's listening on port 8081 or configure this application to listen on another port.

2026-04-03T18:54:19.443+02:00  INFO 11336 --- [restartedMain] souk.demo.DemoApplication                : Starting DemoApplication using Java 21.0.10 with PID 11336 (C:\Users\user\Desktop\souk\souk\target\classes started by user in C:\Users\user\Desktop\souk\souk)
2026-04-03T18:54:19.453+02:00 DEBUG 11336 --- [restartedMain] souk.demo.DemoApplication                : Running with Spring Boot v4.0.3, Spring v7.0.5
2026-04-03T18:54:19.454+02:00  INFO 11336 --- [restartedMain] souk.demo.DemoApplication                : No active profile set, falling back to 1 default profile: "default"
2026-04-03T18:54:19.578+02:00  INFO 11336 --- [restartedMain] .e.DevToolsPropertyDefaultsPostProcessor : Devtools property defaults active! Set 'spring.devtools.add-properties' to 'false' to disable
2026-04-03T18:54:19.579+02:00  INFO 11336 --- [restartedMain] .e.DevToolsPropertyDefaultsPostProcessor : For additional web related logging consider setting the 'logging.level.web' property to 'DEBUG'
2026-04-03T18:54:20.678+02:00  INFO 11336 --- [restartedMain] .s.d.r.c.RepositoryConfigurationDelegate : Bootstrapping Spring Data JPA repositories in DEFAULT mode.
2026-04-03T18:54:20.750+02:00  INFO 11336 --- [restartedMain] .s.d.r.c.RepositoryConfigurationDelegate : Finished Spring Data repository scanning in 62 ms. Found 3 JPA repository interfaces.
2026-04-03T18:54:21.823+02:00  INFO 11336 --- [restartedMain] o.s.boot.tomcat.TomcatWebServer          : Tomcat initialized with port 8081 (http)
2026-04-03T18:54:21.848+02:00  INFO 11336 --- [restartedMain] o.apache.catalina.core.StandardService   : Starting service [Tomcat]
2026-04-03T18:54:21.850+02:00  INFO 11336 --- [restartedMain] o.apache.catalina.core.StandardEngine    : Starting Servlet engine: [Apache Tomcat/11.0.18]
2026-04-03T18:54:21.944+02:00  INFO 11336 --- [restartedMain] b.w.c.s.WebApplicationContextInitializer : Root WebApplicationContext: initialization completed in 2364 ms
2026-04-03T18:54:22.240+02:00  INFO 11336 --- [restartedMain] org.hibernate.orm.jpa                    : HHH008540: Processing PersistenceUnitInfo [name: default]
2026-04-03T18:54:22.400+02:00  INFO 11336 --- [restartedMain] org.hibernate.orm.core                   : HHH000001: Hibernate ORM core version 7.2.4.Final
2026-04-03T18:54:23.201+02:00  INFO 11336 --- [restartedMain] o.s.o.j.p.SpringPersistenceUnitInfo      : No LoadTimeWeaver setup: ignoring JPA class transformer
2026-04-03T18:54:23.267+02:00  INFO 11336 --- [restartedMain] com.zaxxer.hikari.HikariDataSource       : HikariPool-1 - Starting...
2026-04-03T18:54:23.513+02:00  INFO 11336 --- [restartedMain] com.zaxxer.hikari.pool.HikariPool        : HikariPool-1 - Added connection org.postgresql.jdbc.PgConnection@30ed5f6a
2026-04-03T18:54:23.517+02:00  INFO 11336 --- [restartedMain] com.zaxxer.hikari.HikariDataSource       : HikariPool-1 - Start completed.
2026-04-03T18:54:23.554+02:00  WARN 11336 --- [restartedMain] org.hibernate.orm.deprecation            : HHH90000025: PostgreSQLDialect does not need to be specified explicitly using 'hibernate.dialect' (remove the property setting and it will be selected by default)
2026-04-03T18:54:23.600+02:00  INFO 11336 --- [restartedMain] org.hibernate.orm.connections.pooling    : HHH10001005: Database info:
	Database JDBC URL [jdbc:postgresql://localhost:5432/soukDB]
	Database driver: PostgreSQL JDBC Driver
	Database dialect: PostgreSQLDialect
	Database version: 17.3
	Default catalog/schema: soukDB/public
	Autocommit mode: undefined/unknown
	Isolation level: READ_COMMITTED [default READ_COMMITTED]
	JDBC fetch size: none
	Pool: DataSourceConnectionProvider
	Minimum pool size: undefined/unknown
	Maximum pool size: undefined/unknown
2026-04-03T18:54:24.868+02:00  INFO 11336 --- [restartedMain] org.hibernate.orm.core                   : HHH000489: No JTA platform available (set 'hibernate.transaction.jta.platform' to enable JTA platform integration)
2026-04-03T18:54:24.983+02:00  INFO 11336 --- [restartedMain] j.LocalContainerEntityManagerFactoryBean : Initialized JPA EntityManagerFactory for persistence unit 'default'
2026-04-03T18:54:25.084+02:00  INFO 11336 --- [restartedMain] o.s.d.j.r.query.QueryEnhancerFactories   : Hibernate is in classpath; If applicable, HQL parser will be used.
2026-04-03T18:54:25.420+02:00 DEBUG 11336 --- [restartedMain] souk.demo.security.JwtFilter             : Filter 'jwtFilter' configured for use
2026-04-03T18:54:25.598+02:00  WARN 11336 --- [restartedMain] JpaBaseConfiguration$JpaWebConfiguration : spring.jpa.open-in-view is enabled by default. Therefore, database queries may be performed during view rendering. Explicitly configure spring.jpa.open-in-view to disable this warning
2026-04-03T18:54:26.044+02:00  INFO 11336 --- [restartedMain] o.s.v.b.OptionalValidatorFactoryBean     : Failed to set up a Bean Validation provider: jakarta.validation.NoProviderFoundException: Unable to create a Configuration, because no Jakarta Bean Validation provider could be found. Add a provider like Hibernate Validator (RI) to your classpath.
2026-04-03T18:54:26.594+02:00  INFO 11336 --- [restartedMain] o.s.boot.tomcat.TomcatWebServer          : Tomcat started on port 8081 (http) with context path '/'
2026-04-03T18:54:26.610+02:00  INFO 11336 --- [restartedMain] souk.demo.DemoApplication                : Started DemoApplication in 7.788 seconds (process running for 8.63)
2026-04-03T18:58:28.512+02:00  INFO 13396 --- [restartedMain] souk.demo.DemoApplication                : Starting DemoApplication using Java 21.0.10 with PID 13396 (C:\Users\user\Desktop\souk\souk\target\classes started by user in C:\Users\user\Desktop\souk\souk)
2026-04-03T18:58:28.519+02:00 DEBUG 13396 --- [restartedMain] souk.demo.DemoApplication                : Running with Spring Boot v4.0.3, Spring v7.0.5
2026-04-03T18:58:28.521+02:00  INFO 13396 --- [restartedMain] souk.demo.DemoApplication                : No active profile set, falling back to 1 default profile: "default"
2026-04-03T18:58:28.640+02:00  INFO 13396 --- [restartedMain] .e.DevToolsPropertyDefaultsPostProcessor : Devtools property defaults active! Set 'spring.devtools.add-properties' to 'false' to disable
2026-04-03T18:58:28.642+02:00  INFO 13396 --- [restartedMain] .e.DevToolsPropertyDefaultsPostProcessor : For additional web related logging consider setting the 'logging.level.web' property to 'DEBUG'
2026-04-03T18:58:29.821+02:00  INFO 13396 --- [restartedMain] .s.d.r.c.RepositoryConfigurationDelegate : Bootstrapping Spring Data JPA repositories in DEFAULT mode.
2026-04-03T18:58:29.893+02:00  INFO 13396 --- [restartedMain] .s.d.r.c.RepositoryConfigurationDelegate : Finished Spring Data repository scanning in 63 ms. Found 3 JPA repository interfaces.
2026-04-03T18:58:30.847+02:00  INFO 13396 --- [restartedMain] o.s.boot.tomcat.TomcatWebServer          : Tomcat initialized with port 8081 (http)
2026-04-03T18:58:30.876+02:00  INFO 13396 --- [restartedMain] o.apache.catalina.core.StandardService   : Starting service [Tomcat]
2026-04-03T18:58:30.877+02:00  INFO 13396 --- [restartedMain] o.apache.catalina.core.StandardEngine    : Starting Servlet engine: [Apache Tomcat/11.0.18]
2026-04-03T18:58:30.968+02:00  INFO 13396 --- [restartedMain] b.w.c.s.WebApplicationContextInitializer : Root WebApplicationContext: initialization completed in 2324 ms
2026-04-03T18:58:31.273+02:00  INFO 13396 --- [restartedMain] org.hibernate.orm.jpa                    : HHH008540: Processing PersistenceUnitInfo [name: default]
2026-04-03T18:58:31.388+02:00  INFO 13396 --- [restartedMain] org.hibernate.orm.core                   : HHH000001: Hibernate ORM core version 7.2.4.Final
2026-04-03T18:58:32.136+02:00  INFO 13396 --- [restartedMain] o.s.o.j.p.SpringPersistenceUnitInfo      : No LoadTimeWeaver setup: ignoring JPA class transformer
2026-04-03T18:58:32.200+02:00  INFO 13396 --- [restartedMain] com.zaxxer.hikari.HikariDataSource       : HikariPool-1 - Starting...
2026-04-03T18:58:32.478+02:00  INFO 13396 --- [restartedMain] com.zaxxer.hikari.pool.HikariPool        : HikariPool-1 - Added connection org.postgresql.jdbc.PgConnection@30ed5f6a
2026-04-03T18:58:32.483+02:00  INFO 13396 --- [restartedMain] com.zaxxer.hikari.HikariDataSource       : HikariPool-1 - Start completed.
2026-04-03T18:58:32.548+02:00  WARN 13396 --- [restartedMain] org.hibernate.orm.deprecation            : HHH90000025: PostgreSQLDialect does not need to be specified explicitly using 'hibernate.dialect' (remove the property setting and it will be selected by default)
2026-04-03T18:58:32.590+02:00  INFO 13396 --- [restartedMain] org.hibernate.orm.connections.pooling    : HHH10001005: Database info:
	Database JDBC URL [jdbc:postgresql://localhost:5432/soukDB]
	Database driver: PostgreSQL JDBC Driver
	Database dialect: PostgreSQLDialect
	Database version: 17.3
	Default catalog/schema: soukDB/public
	Autocommit mode: undefined/unknown
	Isolation level: READ_COMMITTED [default READ_COMMITTED]
	JDBC fetch size: none
	Pool: DataSourceConnectionProvider
	Minimum pool size: undefined/unknown
	Maximum pool size: undefined/unknown
2026-04-03T18:58:33.839+02:00  INFO 13396 --- [restartedMain] org.hibernate.orm.core                   : HHH000489: No JTA platform available (set 'hibernate.transaction.jta.platform' to enable JTA platform integration)
2026-04-03T18:58:33.956+02:00  INFO 13396 --- [restartedMain] j.LocalContainerEntityManagerFactoryBean : Initialized JPA EntityManagerFactory for persistence unit 'default'
2026-04-03T18:58:34.064+02:00  INFO 13396 --- [restartedMain] o.s.d.j.r.query.QueryEnhancerFactories   : Hibernate is in classpath; If applicable, HQL parser will be used.
2026-04-03T18:58:34.392+02:00 DEBUG 13396 --- [restartedMain] souk.demo.security.JwtFilter             : Filter 'jwtFilter' configured for use
2026-04-03T18:58:34.655+02:00  WARN 13396 --- [restartedMain] JpaBaseConfiguration$JpaWebConfiguration : spring.jpa.open-in-view is enabled by default. Therefore, database queries may be performed during view rendering. Explicitly configure spring.jpa.open-in-view to disable this warning
2026-04-03T18:58:35.079+02:00  INFO 13396 --- [restartedMain] o.s.v.b.OptionalValidatorFactoryBean     : Failed to set up a Bean Validation provider: jakarta.validation.NoProviderFoundException: Unable to create a Configuration, because no Jakarta Bean Validation provider could be found. Add a provider like Hibernate Validator (RI) to your classpath.
2026-04-03T18:58:35.530+02:00  WARN 13396 --- [restartedMain] ConfigServletWebServerApplicationContext : Exception encountered during context initialization - cancelling refresh attempt: org.springframework.context.ApplicationContextException: Failed to start bean 'webServerStartStop'
2026-04-03T18:58:35.534+02:00  INFO 13396 --- [restartedMain] j.LocalContainerEntityManagerFactoryBean : Closing JPA EntityManagerFactory for persistence unit 'default'
2026-04-03T18:58:35.540+02:00  INFO 13396 --- [restartedMain] com.zaxxer.hikari.HikariDataSource       : HikariPool-1 - Shutdown initiated...
2026-04-03T18:58:35.558+02:00  INFO 13396 --- [restartedMain] com.zaxxer.hikari.HikariDataSource       : HikariPool-1 - Shutdown completed.
2026-04-03T18:58:35.580+02:00  INFO 13396 --- [restartedMain] .s.b.a.l.ConditionEvaluationReportLogger : 

Error starting ApplicationContext. To display the condition evaluation report re-run your application with 'debug' enabled.
2026-04-03T18:58:35.620+02:00 ERROR 13396 --- [restartedMain] o.s.b.d.LoggingFailureAnalysisReporter   : 

***************************
APPLICATION FAILED TO START
***************************

Description:

Web server failed to start. Port 8081 was already in use.

Action:

Identify and stop the process that's listening on port 8081 or configure this application to listen on another port.

2026-04-03T19:05:10.879+02:00  INFO 2968 --- [restartedMain] souk.demo.DemoApplication                : Starting DemoApplication using Java 21.0.10 with PID 2968 (C:\Users\user\Desktop\souk\souk\target\classes started by user in C:\Users\user\Desktop\souk\souk)
2026-04-03T19:05:10.886+02:00 DEBUG 2968 --- [restartedMain] souk.demo.DemoApplication                : Running with Spring Boot v4.0.3, Spring v7.0.5
2026-04-03T19:05:10.888+02:00  INFO 2968 --- [restartedMain] souk.demo.DemoApplication                : No active profile set, falling back to 1 default profile: "default"
2026-04-03T19:05:10.986+02:00  INFO 2968 --- [restartedMain] .e.DevToolsPropertyDefaultsPostProcessor : Devtools property defaults active! Set 'spring.devtools.add-properties' to 'false' to disable
2026-04-03T19:05:10.987+02:00  INFO 2968 --- [restartedMain] .e.DevToolsPropertyDefaultsPostProcessor : For additional web related logging consider setting the 'logging.level.web' property to 'DEBUG'
2026-04-03T19:05:12.322+02:00  INFO 2968 --- [restartedMain] .s.d.r.c.RepositoryConfigurationDelegate : Bootstrapping Spring Data JPA repositories in DEFAULT mode.
2026-04-03T19:05:12.426+02:00  INFO 2968 --- [restartedMain] .s.d.r.c.RepositoryConfigurationDelegate : Finished Spring Data repository scanning in 85 ms. Found 3 JPA repository interfaces.
2026-04-03T19:05:13.558+02:00  INFO 2968 --- [restartedMain] o.s.boot.tomcat.TomcatWebServer          : Tomcat initialized with port 8081 (http)
2026-04-03T19:05:13.595+02:00  INFO 2968 --- [restartedMain] o.apache.catalina.core.StandardService   : Starting service [Tomcat]
2026-04-03T19:05:13.598+02:00  INFO 2968 --- [restartedMain] o.apache.catalina.core.StandardEngine    : Starting Servlet engine: [Apache Tomcat/11.0.18]
2026-04-03T19:05:13.690+02:00  INFO 2968 --- [restartedMain] b.w.c.s.WebApplicationContextInitializer : Root WebApplicationContext: initialization completed in 2701 ms
2026-04-03T19:05:13.996+02:00  INFO 2968 --- [restartedMain] org.hibernate.orm.jpa                    : HHH008540: Processing PersistenceUnitInfo [name: default]
2026-04-03T19:05:14.123+02:00  INFO 2968 --- [restartedMain] org.hibernate.orm.core                   : HHH000001: Hibernate ORM core version 7.2.4.Final
2026-04-03T19:05:15.354+02:00  INFO 2968 --- [restartedMain] o.s.o.j.p.SpringPersistenceUnitInfo      : No LoadTimeWeaver setup: ignoring JPA class transformer
2026-04-03T19:05:15.425+02:00  INFO 2968 --- [restartedMain] com.zaxxer.hikari.HikariDataSource       : HikariPool-1 - Starting...
2026-04-03T19:05:15.690+02:00  INFO 2968 --- [restartedMain] com.zaxxer.hikari.pool.HikariPool        : HikariPool-1 - Added connection org.postgresql.jdbc.PgConnection@1bd506d
2026-04-03T19:05:15.694+02:00  INFO 2968 --- [restartedMain] com.zaxxer.hikari.HikariDataSource       : HikariPool-1 - Start completed.
2026-04-03T19:05:15.740+02:00  WARN 2968 --- [restartedMain] org.hibernate.orm.deprecation            : HHH90000025: PostgreSQLDialect does not need to be specified explicitly using 'hibernate.dialect' (remove the property setting and it will be selected by default)
2026-04-03T19:05:15.771+02:00  INFO 2968 --- [restartedMain] org.hibernate.orm.connections.pooling    : HHH10001005: Database info:
	Database JDBC URL [jdbc:postgresql://localhost:5432/soukDB]
	Database driver: PostgreSQL JDBC Driver
	Database dialect: PostgreSQLDialect
	Database version: 17.3
	Default catalog/schema: soukDB/public
	Autocommit mode: undefined/unknown
	Isolation level: READ_COMMITTED [default READ_COMMITTED]
	JDBC fetch size: none
	Pool: DataSourceConnectionProvider
	Minimum pool size: undefined/unknown
	Maximum pool size: undefined/unknown
2026-04-03T19:05:17.154+02:00  INFO 2968 --- [restartedMain] org.hibernate.orm.core                   : HHH000489: No JTA platform available (set 'hibernate.transaction.jta.platform' to enable JTA platform integration)
2026-04-03T19:05:17.340+02:00  INFO 2968 --- [restartedMain] j.LocalContainerEntityManagerFactoryBean : Initialized JPA EntityManagerFactory for persistence unit 'default'
2026-04-03T19:05:17.452+02:00  INFO 2968 --- [restartedMain] o.s.d.j.r.query.QueryEnhancerFactories   : Hibernate is in classpath; If applicable, HQL parser will be used.
2026-04-03T19:05:17.753+02:00 DEBUG 2968 --- [restartedMain] souk.demo.security.JwtFilter             : Filter 'jwtFilter' configured for use
2026-04-03T19:05:17.949+02:00  WARN 2968 --- [restartedMain] JpaBaseConfiguration$JpaWebConfiguration : spring.jpa.open-in-view is enabled by default. Therefore, database queries may be performed during view rendering. Explicitly configure spring.jpa.open-in-view to disable this warning
2026-04-03T19:05:18.380+02:00  INFO 2968 --- [restartedMain] o.s.v.b.OptionalValidatorFactoryBean     : Failed to set up a Bean Validation provider: jakarta.validation.NoProviderFoundException: Unable to create a Configuration, because no Jakarta Bean Validation provider could be found. Add a provider like Hibernate Validator (RI) to your classpath.
2026-04-03T19:05:18.783+02:00  WARN 2968 --- [restartedMain] ConfigServletWebServerApplicationContext : Exception encountered during context initialization - cancelling refresh attempt: org.springframework.context.ApplicationContextException: Failed to start bean 'webServerStartStop'
2026-04-03T19:05:18.788+02:00  INFO 2968 --- [restartedMain] j.LocalContainerEntityManagerFactoryBean : Closing JPA EntityManagerFactory for persistence unit 'default'
2026-04-03T19:05:18.794+02:00  INFO 2968 --- [restartedMain] com.zaxxer.hikari.HikariDataSource       : HikariPool-1 - Shutdown initiated...
2026-04-03T19:05:18.808+02:00  INFO 2968 --- [restartedMain] com.zaxxer.hikari.HikariDataSource       : HikariPool-1 - Shutdown completed.
2026-04-03T19:05:18.829+02:00  INFO 2968 --- [restartedMain] .s.b.a.l.ConditionEvaluationReportLogger : 

Error starting ApplicationContext. To display the condition evaluation report re-run your application with 'debug' enabled.
2026-04-03T19:05:18.873+02:00 ERROR 2968 --- [restartedMain] o.s.b.d.LoggingFailureAnalysisReporter   : 

***************************
APPLICATION FAILED TO START
***************************

Description:

Web server failed to start. Port 8081 was already in use.

Action:

Identify and stop the process that's listening on port 8081 or configure this application to listen on another port.

2026-04-03T19:57:43.137+02:00  INFO 24488 --- [restartedMain] souk.demo.DemoApplication                : Starting DemoApplication using Java 21.0.10 with PID 24488 (C:\Users\user\Desktop\souk\souk\target\classes started by user in C:\Users\user\Desktop\souk\souk)
2026-04-03T19:57:43.145+02:00 DEBUG 24488 --- [restartedMain] souk.demo.DemoApplication                : Running with Spring Boot v4.0.3, Spring v7.0.5
2026-04-03T19:57:43.147+02:00  INFO 24488 --- [restartedMain] souk.demo.DemoApplication                : No active profile set, falling back to 1 default profile: "default"
2026-04-03T19:57:43.247+02:00  INFO 24488 --- [restartedMain] .e.DevToolsPropertyDefaultsPostProcessor : Devtools property defaults active! Set 'spring.devtools.add-properties' to 'false' to disable
2026-04-03T19:57:43.248+02:00  INFO 24488 --- [restartedMain] .e.DevToolsPropertyDefaultsPostProcessor : For additional web related logging consider setting the 'logging.level.web' property to 'DEBUG'
2026-04-03T19:57:44.650+02:00  INFO 24488 --- [restartedMain] .s.d.r.c.RepositoryConfigurationDelegate : Bootstrapping Spring Data JPA repositories in DEFAULT mode.
2026-04-03T19:57:44.730+02:00  INFO 24488 --- [restartedMain] .s.d.r.c.RepositoryConfigurationDelegate : Finished Spring Data repository scanning in 64 ms. Found 3 JPA repository interfaces.
2026-04-03T19:57:45.797+02:00  INFO 24488 --- [restartedMain] o.s.boot.tomcat.TomcatWebServer          : Tomcat initialized with port 8081 (http)
2026-04-03T19:57:45.837+02:00  INFO 24488 --- [restartedMain] o.apache.catalina.core.StandardService   : Starting service [Tomcat]
2026-04-03T19:57:45.838+02:00  INFO 24488 --- [restartedMain] o.apache.catalina.core.StandardEngine    : Starting Servlet engine: [Apache Tomcat/11.0.18]
2026-04-03T19:57:45.939+02:00  INFO 24488 --- [restartedMain] b.w.c.s.WebApplicationContextInitializer : Root WebApplicationContext: initialization completed in 2689 ms
2026-04-03T19:57:46.281+02:00  INFO 24488 --- [restartedMain] org.hibernate.orm.jpa                    : HHH008540: Processing PersistenceUnitInfo [name: default]
2026-04-03T19:57:46.441+02:00  INFO 24488 --- [restartedMain] org.hibernate.orm.core                   : HHH000001: Hibernate ORM core version 7.2.4.Final
2026-04-03T19:57:47.508+02:00  INFO 24488 --- [restartedMain] o.s.o.j.p.SpringPersistenceUnitInfo      : No LoadTimeWeaver setup: ignoring JPA class transformer
2026-04-03T19:57:47.591+02:00  INFO 24488 --- [restartedMain] com.zaxxer.hikari.HikariDataSource       : HikariPool-1 - Starting...
2026-04-03T19:57:47.981+02:00  INFO 24488 --- [restartedMain] com.zaxxer.hikari.pool.HikariPool        : HikariPool-1 - Added connection org.postgresql.jdbc.PgConnection@1bd506d
2026-04-03T19:57:47.985+02:00  INFO 24488 --- [restartedMain] com.zaxxer.hikari.HikariDataSource       : HikariPool-1 - Start completed.
2026-04-03T19:57:48.063+02:00  WARN 24488 --- [restartedMain] org.hibernate.orm.deprecation            : HHH90000025: PostgreSQLDialect does not need to be specified explicitly using 'hibernate.dialect' (remove the property setting and it will be selected by default)
2026-04-03T19:57:48.111+02:00  INFO 24488 --- [restartedMain] org.hibernate.orm.connections.pooling    : HHH10001005: Database info:
	Database JDBC URL [jdbc:postgresql://localhost:5432/soukDB]
	Database driver: PostgreSQL JDBC Driver
	Database dialect: PostgreSQLDialect
	Database version: 17.3
	Default catalog/schema: soukDB/public
	Autocommit mode: undefined/unknown
	Isolation level: READ_COMMITTED [default READ_COMMITTED]
	JDBC fetch size: none
	Pool: DataSourceConnectionProvider
	Minimum pool size: undefined/unknown
	Maximum pool size: undefined/unknown
2026-04-03T19:57:49.638+02:00  INFO 24488 --- [restartedMain] org.hibernate.orm.core                   : HHH000489: No JTA platform available (set 'hibernate.transaction.jta.platform' to enable JTA platform integration)
2026-04-03T19:57:49.911+02:00  INFO 24488 --- [restartedMain] j.LocalContainerEntityManagerFactoryBean : Initialized JPA EntityManagerFactory for persistence unit 'default'
2026-04-03T19:57:50.071+02:00  INFO 24488 --- [restartedMain] o.s.d.j.r.query.QueryEnhancerFactories   : Hibernate is in classpath; If applicable, HQL parser will be used.
2026-04-03T19:57:50.522+02:00 DEBUG 24488 --- [restartedMain] souk.demo.security.JwtFilter             : Filter 'jwtFilter' configured for use
2026-04-03T19:57:50.826+02:00  WARN 24488 --- [restartedMain] JpaBaseConfiguration$JpaWebConfiguration : spring.jpa.open-in-view is enabled by default. Therefore, database queries may be performed during view rendering. Explicitly configure spring.jpa.open-in-view to disable this warning
2026-04-03T19:57:51.231+02:00  INFO 24488 --- [restartedMain] o.s.v.b.OptionalValidatorFactoryBean     : Failed to set up a Bean Validation provider: jakarta.validation.NoProviderFoundException: Unable to create a Configuration, because no Jakarta Bean Validation provider could be found. Add a provider like Hibernate Validator (RI) to your classpath.
2026-04-03T19:57:51.803+02:00  INFO 24488 --- [restartedMain] o.s.boot.tomcat.TomcatWebServer          : Tomcat started on port 8081 (http) with context path '/'
2026-04-03T19:57:51.818+02:00  INFO 24488 --- [restartedMain] souk.demo.DemoApplication                : Started DemoApplication in 9.4 seconds (process running for 10.133)
2026-04-03T20:11:04.254+02:00  INFO 10160 --- [restartedMain] souk.demo.DemoApplication                : Starting DemoApplication using Java 21.0.10 with PID 10160 (C:\Users\user\Desktop\souk\souk\target\classes started by user in C:\Users\user\Desktop\souk\souk)
2026-04-03T20:11:04.265+02:00 DEBUG 10160 --- [restartedMain] souk.demo.DemoApplication                : Running with Spring Boot v4.0.3, Spring v7.0.5
2026-04-03T20:11:04.266+02:00  INFO 10160 --- [restartedMain] souk.demo.DemoApplication                : No active profile set, falling back to 1 default profile: "default"
2026-04-03T20:11:04.369+02:00  INFO 10160 --- [restartedMain] .e.DevToolsPropertyDefaultsPostProcessor : Devtools property defaults active! Set 'spring.devtools.add-properties' to 'false' to disable
2026-04-03T20:11:04.370+02:00  INFO 10160 --- [restartedMain] .e.DevToolsPropertyDefaultsPostProcessor : For additional web related logging consider setting the 'logging.level.web' property to 'DEBUG'
2026-04-03T20:11:05.651+02:00  INFO 10160 --- [restartedMain] .s.d.r.c.RepositoryConfigurationDelegate : Bootstrapping Spring Data JPA repositories in DEFAULT mode.
2026-04-03T20:11:05.731+02:00  INFO 10160 --- [restartedMain] .s.d.r.c.RepositoryConfigurationDelegate : Finished Spring Data repository scanning in 67 ms. Found 3 JPA repository interfaces.
2026-04-03T20:11:06.780+02:00  INFO 10160 --- [restartedMain] o.s.boot.tomcat.TomcatWebServer          : Tomcat initialized with port 8081 (http)
2026-04-03T20:11:06.814+02:00  INFO 10160 --- [restartedMain] o.apache.catalina.core.StandardService   : Starting service [Tomcat]
2026-04-03T20:11:06.815+02:00  INFO 10160 --- [restartedMain] o.apache.catalina.core.StandardEngine    : Starting Servlet engine: [Apache Tomcat/11.0.18]
2026-04-03T20:11:06.905+02:00  INFO 10160 --- [restartedMain] b.w.c.s.WebApplicationContextInitializer : Root WebApplicationContext: initialization completed in 2534 ms
2026-04-03T20:11:07.223+02:00  INFO 10160 --- [restartedMain] org.hibernate.orm.jpa                    : HHH008540: Processing PersistenceUnitInfo [name: default]
2026-04-03T20:11:07.367+02:00  INFO 10160 --- [restartedMain] org.hibernate.orm.core                   : HHH000001: Hibernate ORM core version 7.2.4.Final
2026-04-03T20:11:08.165+02:00  INFO 10160 --- [restartedMain] o.s.o.j.p.SpringPersistenceUnitInfo      : No LoadTimeWeaver setup: ignoring JPA class transformer
2026-04-03T20:11:08.248+02:00  INFO 10160 --- [restartedMain] com.zaxxer.hikari.HikariDataSource       : HikariPool-1 - Starting...
2026-04-03T20:11:08.577+02:00  INFO 10160 --- [restartedMain] com.zaxxer.hikari.pool.HikariPool        : HikariPool-1 - Added connection org.postgresql.jdbc.PgConnection@3ac41ac2
2026-04-03T20:11:08.580+02:00  INFO 10160 --- [restartedMain] com.zaxxer.hikari.HikariDataSource       : HikariPool-1 - Start completed.
2026-04-03T20:11:08.634+02:00  WARN 10160 --- [restartedMain] org.hibernate.orm.deprecation            : HHH90000025: PostgreSQLDialect does not need to be specified explicitly using 'hibernate.dialect' (remove the property setting and it will be selected by default)
2026-04-03T20:11:08.692+02:00  INFO 10160 --- [restartedMain] org.hibernate.orm.connections.pooling    : HHH10001005: Database info:
	Database JDBC URL [jdbc:postgresql://localhost:5432/soukDB]
	Database driver: PostgreSQL JDBC Driver
	Database dialect: PostgreSQLDialect
	Database version: 17.3
	Default catalog/schema: soukDB/public
	Autocommit mode: undefined/unknown
	Isolation level: READ_COMMITTED [default READ_COMMITTED]
	JDBC fetch size: none
	Pool: DataSourceConnectionProvider
	Minimum pool size: undefined/unknown
	Maximum pool size: undefined/unknown
2026-04-03T20:11:09.949+02:00  INFO 10160 --- [restartedMain] org.hibernate.orm.core                   : HHH000489: No JTA platform available (set 'hibernate.transaction.jta.platform' to enable JTA platform integration)
2026-04-03T20:11:10.261+02:00  INFO 10160 --- [restartedMain] j.LocalContainerEntityManagerFactoryBean : Initialized JPA EntityManagerFactory for persistence unit 'default'
2026-04-03T20:11:10.351+02:00  INFO 10160 --- [restartedMain] o.s.d.j.r.query.QueryEnhancerFactories   : Hibernate is in classpath; If applicable, HQL parser will be used.
2026-04-03T20:11:10.677+02:00 DEBUG 10160 --- [restartedMain] souk.demo.security.JwtFilter             : Filter 'jwtFilter' configured for use
2026-04-03T20:11:10.883+02:00  WARN 10160 --- [restartedMain] JpaBaseConfiguration$JpaWebConfiguration : spring.jpa.open-in-view is enabled by default. Therefore, database queries may be performed during view rendering. Explicitly configure spring.jpa.open-in-view to disable this warning
2026-04-03T20:11:11.317+02:00  INFO 10160 --- [restartedMain] o.s.v.b.OptionalValidatorFactoryBean     : Failed to set up a Bean Validation provider: jakarta.validation.NoProviderFoundException: Unable to create a Configuration, because no Jakarta Bean Validation provider could be found. Add a provider like Hibernate Validator (RI) to your classpath.
2026-04-03T20:11:11.819+02:00  INFO 10160 --- [restartedMain] o.s.boot.tomcat.TomcatWebServer          : Tomcat started on port 8081 (http) with context path '/'
2026-04-03T20:11:11.834+02:00  INFO 10160 --- [restartedMain] souk.demo.DemoApplication                : Started DemoApplication in 8.233 seconds (process running for 9.163)
2026-04-03T20:43:36.572+02:00  INFO 13072 --- [main] souk.demo.DemoApplicationTests           : Starting DemoApplicationTests using Java 25.0.2 with PID 13072 (started by user in C:\Users\user\Desktop\souk\souk)
2026-04-03T20:43:36.574+02:00 DEBUG 13072 --- [main] souk.demo.DemoApplicationTests           : Running with Spring Boot v4.0.3, Spring v7.0.5
2026-04-03T20:43:36.575+02:00  INFO 13072 --- [main] souk.demo.DemoApplicationTests           : No active profile set, falling back to 1 default profile: "default"
2026-04-03T20:43:38.699+02:00  INFO 13072 --- [main] .s.d.r.c.RepositoryConfigurationDelegate : Bootstrapping Spring Data JPA repositories in DEFAULT mode.
2026-04-03T20:43:38.884+02:00  INFO 13072 --- [main] .s.d.r.c.RepositoryConfigurationDelegate : Finished Spring Data repository scanning in 152 ms. Found 3 JPA repository interfaces.
2026-04-03T20:43:40.823+02:00  INFO 13072 --- [main] org.hibernate.orm.jpa                    : HHH008540: Processing PersistenceUnitInfo [name: default]
2026-04-03T20:43:41.332+02:00  INFO 13072 --- [main] org.hibernate.orm.core                   : HHH000001: Hibernate ORM core version 7.2.4.Final
2026-04-03T20:43:43.878+02:00  INFO 13072 --- [main] o.s.o.j.p.SpringPersistenceUnitInfo      : No LoadTimeWeaver setup: ignoring JPA class transformer
2026-04-03T20:43:43.969+02:00  INFO 13072 --- [main] com.zaxxer.hikari.HikariDataSource       : HikariPool-1 - Starting...
2026-04-03T20:43:44.759+02:00  INFO 13072 --- [main] com.zaxxer.hikari.pool.HikariPool        : HikariPool-1 - Added connection org.postgresql.jdbc.PgConnection@733bd6f3
2026-04-03T20:43:44.769+02:00  INFO 13072 --- [main] com.zaxxer.hikari.HikariDataSource       : HikariPool-1 - Start completed.
2026-04-03T20:43:44.960+02:00  WARN 13072 --- [main] org.hibernate.orm.deprecation            : HHH90000025: PostgreSQLDialect does not need to be specified explicitly using 'hibernate.dialect' (remove the property setting and it will be selected by default)
2026-04-03T20:43:45.044+02:00  INFO 13072 --- [main] org.hibernate.orm.connections.pooling    : HHH10001005: Database info:
	Database JDBC URL [jdbc:postgresql://localhost:5432/soukDB]
	Database driver: PostgreSQL JDBC Driver
	Database dialect: PostgreSQLDialect
	Database version: 17.3
	Default catalog/schema: soukDB/public
	Autocommit mode: undefined/unknown
	Isolation level: READ_COMMITTED [default READ_COMMITTED]
	JDBC fetch size: none
	Pool: DataSourceConnectionProvider
	Minimum pool size: undefined/unknown
	Maximum pool size: undefined/unknown
2026-04-03T20:43:50.898+02:00  INFO 13072 --- [main] org.hibernate.orm.core                   : HHH000489: No JTA platform available (set 'hibernate.transaction.jta.platform' to enable JTA platform integration)
2026-04-03T20:43:51.331+02:00  INFO 13072 --- [main] j.LocalContainerEntityManagerFactoryBean : Initialized JPA EntityManagerFactory for persistence unit 'default'
2026-04-03T20:43:51.754+02:00  INFO 13072 --- [main] o.s.d.j.r.query.QueryEnhancerFactories   : Hibernate is in classpath; If applicable, HQL parser will be used.
2026-04-03T20:43:53.076+02:00  WARN 13072 --- [main] JpaBaseConfiguration$JpaWebConfiguration : spring.jpa.open-in-view is enabled by default. Therefore, database queries may be performed during view rendering. Explicitly configure spring.jpa.open-in-view to disable this warning
2026-04-03T20:43:53.967+02:00  INFO 13072 --- [main] o.s.v.b.OptionalValidatorFactoryBean     : Failed to set up a Bean Validation provider: jakarta.validation.NoProviderFoundException: Unable to create a Configuration, because no Jakarta Bean Validation provider could be found. Add a provider like Hibernate Validator (RI) to your classpath.
2026-04-03T20:43:54.951+02:00  INFO 13072 --- [main] souk.demo.DemoApplicationTests           : Started DemoApplicationTests in 18.858 seconds (process running for 20.513)
2026-04-03T20:43:56.176+02:00  INFO 13072 --- [SpringApplicationShutdownHook] j.LocalContainerEntityManagerFactoryBean : Closing JPA EntityManagerFactory for persistence unit 'default'
2026-04-03T20:43:56.182+02:00  INFO 13072 --- [SpringApplicationShutdownHook] com.zaxxer.hikari.HikariDataSource       : HikariPool-1 - Shutdown initiated...
2026-04-03T20:43:56.189+02:00  INFO 13072 --- [SpringApplicationShutdownHook] com.zaxxer.hikari.HikariDataSource       : HikariPool-1 - Shutdown completed.
2026-04-03T21:02:21.899+02:00  INFO 14584 --- [restartedMain] souk.demo.DemoApplication                : Starting DemoApplication using Java 21.0.10 with PID 14584 (C:\Users\user\Desktop\souk\souk\target\classes started by user in C:\Users\user\Desktop\souk\souk)
2026-04-03T21:02:21.905+02:00 DEBUG 14584 --- [restartedMain] souk.demo.DemoApplication                : Running with Spring Boot v4.0.3, Spring v7.0.5
2026-04-03T21:02:21.906+02:00  INFO 14584 --- [restartedMain] souk.demo.DemoApplication                : No active profile set, falling back to 1 default profile: "default"
2026-04-03T21:02:22.012+02:00  INFO 14584 --- [restartedMain] .e.DevToolsPropertyDefaultsPostProcessor : Devtools property defaults active! Set 'spring.devtools.add-properties' to 'false' to disable
2026-04-03T21:02:22.013+02:00  INFO 14584 --- [restartedMain] .e.DevToolsPropertyDefaultsPostProcessor : For additional web related logging consider setting the 'logging.level.web' property to 'DEBUG'
2026-04-03T21:02:23.519+02:00  INFO 14584 --- [restartedMain] .s.d.r.c.RepositoryConfigurationDelegate : Bootstrapping Spring Data JPA repositories in DEFAULT mode.
2026-04-03T21:02:23.605+02:00  INFO 14584 --- [restartedMain] .s.d.r.c.RepositoryConfigurationDelegate : Finished Spring Data repository scanning in 72 ms. Found 3 JPA repository interfaces.
2026-04-03T21:02:24.761+02:00  INFO 14584 --- [restartedMain] o.s.boot.tomcat.TomcatWebServer          : Tomcat initialized with port 8081 (http)
2026-04-03T21:02:24.794+02:00  INFO 14584 --- [restartedMain] o.apache.catalina.core.StandardService   : Starting service [Tomcat]
2026-04-03T21:02:24.795+02:00  INFO 14584 --- [restartedMain] o.apache.catalina.core.StandardEngine    : Starting Servlet engine: [Apache Tomcat/11.0.18]
2026-04-03T21:02:24.878+02:00  INFO 14584 --- [restartedMain] b.w.c.s.WebApplicationContextInitializer : Root WebApplicationContext: initialization completed in 2863 ms
2026-04-03T21:02:25.268+02:00  INFO 14584 --- [restartedMain] org.hibernate.orm.jpa                    : HHH008540: Processing PersistenceUnitInfo [name: default]
2026-04-03T21:02:25.373+02:00  INFO 14584 --- [restartedMain] org.hibernate.orm.core                   : HHH000001: Hibernate ORM core version 7.2.4.Final
2026-04-03T21:02:26.122+02:00  INFO 14584 --- [restartedMain] o.s.o.j.p.SpringPersistenceUnitInfo      : No LoadTimeWeaver setup: ignoring JPA class transformer
2026-04-03T21:02:26.178+02:00  INFO 14584 --- [restartedMain] com.zaxxer.hikari.HikariDataSource       : HikariPool-1 - Starting...
2026-04-03T21:02:26.483+02:00  INFO 14584 --- [restartedMain] com.zaxxer.hikari.pool.HikariPool        : HikariPool-1 - Added connection org.postgresql.jdbc.PgConnection@3be1afc5
2026-04-03T21:02:26.486+02:00  INFO 14584 --- [restartedMain] com.zaxxer.hikari.HikariDataSource       : HikariPool-1 - Start completed.
2026-04-03T21:02:26.552+02:00  WARN 14584 --- [restartedMain] org.hibernate.orm.deprecation            : HHH90000025: PostgreSQLDialect does not need to be specified explicitly using 'hibernate.dialect' (remove the property setting and it will be selected by default)
2026-04-03T21:02:26.596+02:00  INFO 14584 --- [restartedMain] org.hibernate.orm.connections.pooling    : HHH10001005: Database info:
	Database JDBC URL [jdbc:postgresql://localhost:5432/soukDB]
	Database driver: PostgreSQL JDBC Driver
	Database dialect: PostgreSQLDialect
	Database version: 17.3
	Default catalog/schema: soukDB/public
	Autocommit mode: undefined/unknown
	Isolation level: READ_COMMITTED [default READ_COMMITTED]
	JDBC fetch size: none
	Pool: DataSourceConnectionProvider
	Minimum pool size: undefined/unknown
	Maximum pool size: undefined/unknown
2026-04-03T21:02:27.958+02:00  INFO 14584 --- [restartedMain] org.hibernate.orm.core                   : HHH000489: No JTA platform available (set 'hibernate.transaction.jta.platform' to enable JTA platform integration)
2026-04-03T21:02:28.331+02:00  INFO 14584 --- [restartedMain] j.LocalContainerEntityManagerFactoryBean : Initialized JPA EntityManagerFactory for persistence unit 'default'
2026-04-03T21:02:28.508+02:00  INFO 14584 --- [restartedMain] o.s.d.j.r.query.QueryEnhancerFactories   : Hibernate is in classpath; If applicable, HQL parser will be used.
2026-04-03T21:02:28.966+02:00 DEBUG 14584 --- [restartedMain] souk.demo.security.JwtFilter             : Filter 'jwtFilter' configured for use
2026-04-03T21:02:29.185+02:00  WARN 14584 --- [restartedMain] JpaBaseConfiguration$JpaWebConfiguration : spring.jpa.open-in-view is enabled by default. Therefore, database queries may be performed during view rendering. Explicitly configure spring.jpa.open-in-view to disable this warning
2026-04-03T21:02:29.668+02:00  INFO 14584 --- [restartedMain] o.s.v.b.OptionalValidatorFactoryBean     : Failed to set up a Bean Validation provider: jakarta.validation.NoProviderFoundException: Unable to create a Configuration, because no Jakarta Bean Validation provider could be found. Add a provider like Hibernate Validator (RI) to your classpath.
2026-04-03T21:02:30.216+02:00  INFO 14584 --- [restartedMain] o.s.boot.tomcat.TomcatWebServer          : Tomcat started on port 8081 (http) with context path '/'
2026-04-03T21:02:30.228+02:00  INFO 14584 --- [restartedMain] souk.demo.DemoApplication                : Started DemoApplication in 8.983 seconds (process running for 9.716)
2026-04-03T21:07:26.893+02:00  INFO 14584 --- [http-nio-8081-exec-2] o.a.c.c.C.[Tomcat].[localhost].[/]       : Initializing Spring DispatcherServlet 'dispatcherServlet'
2026-04-03T21:07:26.895+02:00  INFO 14584 --- [http-nio-8081-exec-2] o.s.web.servlet.DispatcherServlet        : Initializing Servlet 'dispatcherServlet'
2026-04-03T21:07:26.899+02:00  INFO 14584 --- [http-nio-8081-exec-2] o.s.web.servlet.DispatcherServlet        : Completed initialization in 4 ms
2026-04-03T21:07:27.480+02:00  INFO 14584 --- [http-nio-8081-exec-2] souk.demo.controller.UserController      : New registration attempt for email: nouri@gmail.com
2026-04-03T21:07:28.541+02:00  INFO 14584 --- [http-nio-8081-exec-2] souk.demo.controller.UserController      : Successfully registered user: nouri@gmail.com with ID: 1
2026-04-03T21:24:44.010+02:00  INFO 13392 --- [restartedMain] souk.demo.DemoApplication                : Starting DemoApplication using Java 21.0.10 with PID 13392 (C:\Users\user\Desktop\souk\souk\target\classes started by user in C:\Users\user\Desktop\souk\souk)
2026-04-03T21:24:44.019+02:00 DEBUG 13392 --- [restartedMain] souk.demo.DemoApplication                : Running with Spring Boot v4.0.3, Spring v7.0.5
2026-04-03T21:24:44.021+02:00  INFO 13392 --- [restartedMain] souk.demo.DemoApplication                : No active profile set, falling back to 1 default profile: "default"
2026-04-03T21:24:44.111+02:00  INFO 13392 --- [restartedMain] .e.DevToolsPropertyDefaultsPostProcessor : Devtools property defaults active! Set 'spring.devtools.add-properties' to 'false' to disable
2026-04-03T21:24:44.112+02:00  INFO 13392 --- [restartedMain] .e.DevToolsPropertyDefaultsPostProcessor : For additional web related logging consider setting the 'logging.level.web' property to 'DEBUG'
2026-04-03T21:24:45.263+02:00  INFO 13392 --- [restartedMain] .s.d.r.c.RepositoryConfigurationDelegate : Bootstrapping Spring Data JPA repositories in DEFAULT mode.
2026-04-03T21:24:45.344+02:00  INFO 13392 --- [restartedMain] .s.d.r.c.RepositoryConfigurationDelegate : Finished Spring Data repository scanning in 69 ms. Found 3 JPA repository interfaces.
2026-04-03T21:24:46.271+02:00  INFO 13392 --- [restartedMain] o.s.boot.tomcat.TomcatWebServer          : Tomcat initialized with port 8081 (http)
2026-04-03T21:24:46.296+02:00  INFO 13392 --- [restartedMain] o.apache.catalina.core.StandardService   : Starting service [Tomcat]
2026-04-03T21:24:46.297+02:00  INFO 13392 --- [restartedMain] o.apache.catalina.core.StandardEngine    : Starting Servlet engine: [Apache Tomcat/11.0.18]
2026-04-03T21:24:46.388+02:00  INFO 13392 --- [restartedMain] b.w.c.s.WebApplicationContextInitializer : Root WebApplicationContext: initialization completed in 2276 ms
2026-04-03T21:24:46.717+02:00  INFO 13392 --- [restartedMain] org.hibernate.orm.jpa                    : HHH008540: Processing PersistenceUnitInfo [name: default]
2026-04-03T21:24:46.852+02:00  INFO 13392 --- [restartedMain] org.hibernate.orm.core                   : HHH000001: Hibernate ORM core version 7.2.4.Final
2026-04-03T21:24:47.715+02:00  INFO 13392 --- [restartedMain] o.s.o.j.p.SpringPersistenceUnitInfo      : No LoadTimeWeaver setup: ignoring JPA class transformer
2026-04-03T21:24:47.777+02:00  INFO 13392 --- [restartedMain] com.zaxxer.hikari.HikariDataSource       : HikariPool-1 - Starting...
2026-04-03T21:24:48.018+02:00  INFO 13392 --- [restartedMain] com.zaxxer.hikari.pool.HikariPool        : HikariPool-1 - Added connection org.postgresql.jdbc.PgConnection@1bd506d
2026-04-03T21:24:48.023+02:00  INFO 13392 --- [restartedMain] com.zaxxer.hikari.HikariDataSource       : HikariPool-1 - Start completed.
2026-04-03T21:24:48.067+02:00  WARN 13392 --- [restartedMain] org.hibernate.orm.deprecation            : HHH90000025: PostgreSQLDialect does not need to be specified explicitly using 'hibernate.dialect' (remove the property setting and it will be selected by default)
2026-04-03T21:24:48.111+02:00  INFO 13392 --- [restartedMain] org.hibernate.orm.connections.pooling    : HHH10001005: Database info:
	Database JDBC URL [jdbc:postgresql://localhost:5432/soukDB]
	Database driver: PostgreSQL JDBC Driver
	Database dialect: PostgreSQLDialect
	Database version: 17.3
	Default catalog/schema: soukDB/public
	Autocommit mode: undefined/unknown
	Isolation level: READ_COMMITTED [default READ_COMMITTED]
	JDBC fetch size: none
	Pool: DataSourceConnectionProvider
	Minimum pool size: undefined/unknown
	Maximum pool size: undefined/unknown
2026-04-03T21:24:49.417+02:00  INFO 13392 --- [restartedMain] org.hibernate.orm.core                   : HHH000489: No JTA platform available (set 'hibernate.transaction.jta.platform' to enable JTA platform integration)
2026-04-03T21:24:49.565+02:00  INFO 13392 --- [restartedMain] j.LocalContainerEntityManagerFactoryBean : Initialized JPA EntityManagerFactory for persistence unit 'default'
2026-04-03T21:24:49.671+02:00  INFO 13392 --- [restartedMain] o.s.d.j.r.query.QueryEnhancerFactories   : Hibernate is in classpath; If applicable, HQL parser will be used.
2026-04-03T21:24:50.030+02:00 DEBUG 13392 --- [restartedMain] souk.demo.security.JwtFilter             : Filter 'jwtFilter' configured for use
2026-04-03T21:24:50.268+02:00  WARN 13392 --- [restartedMain] JpaBaseConfiguration$JpaWebConfiguration : spring.jpa.open-in-view is enabled by default. Therefore, database queries may be performed during view rendering. Explicitly configure spring.jpa.open-in-view to disable this warning
2026-04-03T21:24:50.701+02:00  INFO 13392 --- [restartedMain] o.s.v.b.OptionalValidatorFactoryBean     : Failed to set up a Bean Validation provider: jakarta.validation.NoProviderFoundException: Unable to create a Configuration, because no Jakarta Bean Validation provider could be found. Add a provider like Hibernate Validator (RI) to your classpath.
2026-04-03T21:24:51.210+02:00  WARN 13392 --- [restartedMain] ConfigServletWebServerApplicationContext : Exception encountered during context initialization - cancelling refresh attempt: org.springframework.context.ApplicationContextException: Failed to start bean 'webServerStartStop'
2026-04-03T21:24:51.214+02:00  INFO 13392 --- [restartedMain] j.LocalContainerEntityManagerFactoryBean : Closing JPA EntityManagerFactory for persistence unit 'default'
2026-04-03T21:24:51.221+02:00  INFO 13392 --- [restartedMain] com.zaxxer.hikari.HikariDataSource       : HikariPool-1 - Shutdown initiated...
2026-04-03T21:24:51.230+02:00  INFO 13392 --- [restartedMain] com.zaxxer.hikari.HikariDataSource       : HikariPool-1 - Shutdown completed.
2026-04-03T21:24:51.263+02:00  INFO 13392 --- [restartedMain] .s.b.a.l.ConditionEvaluationReportLogger : 

Error starting ApplicationContext. To display the condition evaluation report re-run your application with 'debug' enabled.
2026-04-03T21:24:51.304+02:00 ERROR 13392 --- [restartedMain] o.s.b.d.LoggingFailureAnalysisReporter   : 

***************************
APPLICATION FAILED TO START
***************************

Description:

Web server failed to start. Port 8081 was already in use.

Action:

Identify and stop the process that's listening on port 8081 or configure this application to listen on another port.

2026-04-03T21:46:22.645+02:00  INFO 12340 --- [restartedMain] souk.demo.DemoApplication                : Starting DemoApplication using Java 21.0.10 with PID 12340 (C:\Users\user\Desktop\souk\souk\target\classes started by user in C:\Users\user\Desktop\souk\souk)
2026-04-03T21:46:22.650+02:00 DEBUG 12340 --- [restartedMain] souk.demo.DemoApplication                : Running with Spring Boot v4.0.3, Spring v7.0.5
2026-04-03T21:46:22.652+02:00  INFO 12340 --- [restartedMain] souk.demo.DemoApplication                : No active profile set, falling back to 1 default profile: "default"
2026-04-03T21:46:22.767+02:00  INFO 12340 --- [restartedMain] .e.DevToolsPropertyDefaultsPostProcessor : Devtools property defaults active! Set 'spring.devtools.add-properties' to 'false' to disable
2026-04-03T21:46:22.767+02:00  INFO 12340 --- [restartedMain] .e.DevToolsPropertyDefaultsPostProcessor : For additional web related logging consider setting the 'logging.level.web' property to 'DEBUG'
2026-04-03T21:46:23.956+02:00  INFO 12340 --- [restartedMain] .s.d.r.c.RepositoryConfigurationDelegate : Bootstrapping Spring Data JPA repositories in DEFAULT mode.
2026-04-03T21:46:24.040+02:00  INFO 12340 --- [restartedMain] .s.d.r.c.RepositoryConfigurationDelegate : Finished Spring Data repository scanning in 73 ms. Found 3 JPA repository interfaces.
2026-04-03T21:46:25.030+02:00  INFO 12340 --- [restartedMain] o.s.boot.tomcat.TomcatWebServer          : Tomcat initialized with port 8081 (http)
2026-04-03T21:46:25.065+02:00  INFO 12340 --- [restartedMain] o.apache.catalina.core.StandardService   : Starting service [Tomcat]
2026-04-03T21:46:25.067+02:00  INFO 12340 --- [restartedMain] o.apache.catalina.core.StandardEngine    : Starting Servlet engine: [Apache Tomcat/11.0.18]
2026-04-03T21:46:25.139+02:00  INFO 12340 --- [restartedMain] b.w.c.s.WebApplicationContextInitializer : Root WebApplicationContext: initialization completed in 2370 ms
2026-04-03T21:46:25.424+02:00  INFO 12340 --- [restartedMain] org.hibernate.orm.jpa                    : HHH008540: Processing PersistenceUnitInfo [name: default]
2026-04-03T21:46:25.537+02:00  INFO 12340 --- [restartedMain] org.hibernate.orm.core                   : HHH000001: Hibernate ORM core version 7.2.4.Final
2026-04-03T21:46:26.300+02:00  INFO 12340 --- [restartedMain] o.s.o.j.p.SpringPersistenceUnitInfo      : No LoadTimeWeaver setup: ignoring JPA class transformer
2026-04-03T21:46:26.359+02:00  INFO 12340 --- [restartedMain] com.zaxxer.hikari.HikariDataSource       : HikariPool-1 - Starting...
2026-04-03T21:46:26.848+02:00  INFO 12340 --- [restartedMain] com.zaxxer.hikari.pool.HikariPool        : HikariPool-1 - Added connection org.postgresql.jdbc.PgConnection@30ed5f6a
2026-04-03T21:46:26.853+02:00  INFO 12340 --- [restartedMain] com.zaxxer.hikari.HikariDataSource       : HikariPool-1 - Start completed.
2026-04-03T21:46:26.961+02:00  WARN 12340 --- [restartedMain] org.hibernate.orm.deprecation            : HHH90000025: PostgreSQLDialect does not need to be specified explicitly using 'hibernate.dialect' (remove the property setting and it will be selected by default)
2026-04-03T21:46:27.057+02:00  INFO 12340 --- [restartedMain] org.hibernate.orm.connections.pooling    : HHH10001005: Database info:
	Database JDBC URL [jdbc:postgresql://localhost:5432/soukDB]
	Database driver: PostgreSQL JDBC Driver
	Database dialect: PostgreSQLDialect
	Database version: 17.3
	Default catalog/schema: soukDB/public
	Autocommit mode: undefined/unknown
	Isolation level: READ_COMMITTED [default READ_COMMITTED]
	JDBC fetch size: none
	Pool: DataSourceConnectionProvider
	Minimum pool size: undefined/unknown
	Maximum pool size: undefined/unknown
2026-04-03T21:46:28.446+02:00  INFO 12340 --- [restartedMain] org.hibernate.orm.core                   : HHH000489: No JTA platform available (set 'hibernate.transaction.jta.platform' to enable JTA platform integration)
2026-04-03T21:46:28.644+02:00  INFO 12340 --- [restartedMain] j.LocalContainerEntityManagerFactoryBean : Initialized JPA EntityManagerFactory for persistence unit 'default'
2026-04-03T21:46:28.733+02:00  INFO 12340 --- [restartedMain] o.s.d.j.r.query.QueryEnhancerFactories   : Hibernate is in classpath; If applicable, HQL parser will be used.
2026-04-03T21:46:29.026+02:00 DEBUG 12340 --- [restartedMain] souk.demo.security.JwtFilter             : Filter 'jwtFilter' configured for use
2026-04-03T21:46:29.244+02:00  WARN 12340 --- [restartedMain] JpaBaseConfiguration$JpaWebConfiguration : spring.jpa.open-in-view is enabled by default. Therefore, database queries may be performed during view rendering. Explicitly configure spring.jpa.open-in-view to disable this warning
2026-04-03T21:46:29.735+02:00  INFO 12340 --- [restartedMain] o.s.v.b.OptionalValidatorFactoryBean     : Failed to set up a Bean Validation provider: jakarta.validation.NoProviderFoundException: Unable to create a Configuration, because no Jakarta Bean Validation provider could be found. Add a provider like Hibernate Validator (RI) to your classpath.
2026-04-03T21:46:30.273+02:00  WARN 12340 --- [restartedMain] ConfigServletWebServerApplicationContext : Exception encountered during context initialization - cancelling refresh attempt: org.springframework.context.ApplicationContextException: Failed to start bean 'webServerStartStop'
2026-04-03T21:46:30.280+02:00  INFO 12340 --- [restartedMain] j.LocalContainerEntityManagerFactoryBean : Closing JPA EntityManagerFactory for persistence unit 'default'
2026-04-03T21:46:30.288+02:00  INFO 12340 --- [restartedMain] com.zaxxer.hikari.HikariDataSource       : HikariPool-1 - Shutdown initiated...
2026-04-03T21:46:30.303+02:00  INFO 12340 --- [restartedMain] com.zaxxer.hikari.HikariDataSource       : HikariPool-1 - Shutdown completed.
2026-04-03T21:46:30.323+02:00  INFO 12340 --- [restartedMain] .s.b.a.l.ConditionEvaluationReportLogger : 

Error starting ApplicationContext. To display the condition evaluation report re-run your application with 'debug' enabled.
2026-04-03T21:46:30.360+02:00 ERROR 12340 --- [restartedMain] o.s.b.d.LoggingFailureAnalysisReporter   : 

***************************
APPLICATION FAILED TO START
***************************

Description:

Web server failed to start. Port 8081 was already in use.

Action:

Identify and stop the process that's listening on port 8081 or configure this application to listen on another port.

